﻿
> frontend@0.0.0 build
> vite build

[36mvite v7.3.1 [32mbuilding client environment for production...[36m[39m
transforming...
[32mÔ£ô[39m 2178 modules transformed.
node.exe : [31mÔ£ù[39m Build 
failed in 8.24s
At C:\Program 
Files\nodejs\npm.ps1:29 char:3
+   & $NODE_EXE $NPM_CLI_JS $args
+   ~~~~~~~~~~~~~~~~~~~~~~~~~~~~~
    + CategoryInfo          : Not 
   Specified: ([31mÔ£ù[39m Bui  
  ld failed in 8.24s:String) []   
 , RemoteException
    + FullyQualifiedErrorId : Nat 
   iveCommandError
 
[31merror during build:
[31m[vite]: Rollup failed to 
resolve import "react-is" from 
"E:/Work/MY company/Dashboard EG c
odera/dashboardfrontend/node_modul
es/recharts/es6/util/ReactUtils.js
".
This is most likely unintended 
because it can break your 
application at runtime.
If you do want to externalize 
this module explicitly add it to
`build.rollupOptions.external`[31
m
    at viteLog (file:///E:/Work/MY
%20company/Dashboard%20EG%20codera
/dashboardfrontend/node_modules/vi
te/dist/node/chunks/config.js:3363
5:57)
    at file:///E:/Work/MY%20compan
y/Dashboard%20EG%20codera/dashboar
dfrontend/node_modules/vite/dist/n
ode/chunks/config.js:33669:73
    at onwarn (file:///E:/Work/MY%
20company/Dashboard%20EG%20codera/
dashboardfrontend/node_modules/@vi
tejs/plugin-react/dist/index.js:76
:7)
    at file:///E:/Work/MY%20compan
y/Dashboard%20EG%20codera/dashboar
dfrontend/node_modules/vite/dist/n
ode/chunks/config.js:33669:28
    at onRollupLog (file:///E:/Wor
k/MY%20company/Dashboard%20EG%20co
dera/dashboardfrontend/node_module
s/vite/dist/node/chunks/config.js:
33664:63)
    at onLog (file:///E:/Work/MY%2
0company/Dashboard%20EG%20codera/d
ashboardfrontend/node_modules/vite
/dist/node/chunks/config.js:33467:
4)
    at file:///E:/Work/MY%20compan
y/Dashboard%20EG%20codera/dashboar
dfrontend/node_modules/rollup/dist
/es/shared/node-entry.js:20981:32
    at Object.logger [as onLog] (f
ile:///E:/Work/MY%20company/Dashbo
ard%20EG%20codera/dashboardfronten
d/node_modules/rollup/dist/es/shar
ed/node-entry.js:22968:9)
    at ModuleLoader.handleInvalidR
esolvedId (file:///E:/Work/MY%20co
mpany/Dashboard%20EG%20codera/dash
boardfrontend/node_modules/rollup/
dist/es/shared/node-entry.js:21712
:26)
    at file:///E:/Work/MY%20compan
y/Dashboard%20EG%20codera/dashboar
dfrontend/node_modules/rollup/dist
/es/shared/node-entry.js:21670:26
[39m
